------------------------------------------------------------
TimeQuest Timing Analyzer Summary
------------------------------------------------------------

Type  : Slow 1100mV 85C Model Setup 'clock'
Slack : -1.689
TNS   : -19.529

Type  : Slow 1100mV 85C Model Hold 'clock'
Slack : 0.377
TNS   : 0.000

Type  : Slow 1100mV 85C Model Minimum Pulse Width 'clock'
Slack : -0.538
TNS   : -14.632

Type  : Slow 1100mV 0C Model Setup 'clock'
Slack : -1.557
TNS   : -18.645

Type  : Slow 1100mV 0C Model Hold 'clock'
Slack : 0.351
TNS   : 0.000

Type  : Slow 1100mV 0C Model Minimum Pulse Width 'clock'
Slack : -0.538
TNS   : -14.282

Type  : Fast 1100mV 85C Model Setup 'clock'
Slack : -0.146
TNS   : -0.729

Type  : Fast 1100mV 85C Model Hold 'clock'
Slack : 0.180
TNS   : 0.000

Type  : Fast 1100mV 85C Model Minimum Pulse Width 'clock'
Slack : -0.271
TNS   : -4.909

Type  : Fast 1100mV 0C Model Setup 'clock'
Slack : -0.040
TNS   : -0.200

Type  : Fast 1100mV 0C Model Hold 'clock'
Slack : 0.173
TNS   : 0.000

Type  : Fast 1100mV 0C Model Minimum Pulse Width 'clock'
Slack : -0.265
TNS   : -4.810

------------------------------------------------------------
